This is pdfTeX, Version 3.141592653-2.6-1.40.29 (TeX Live 2026) (preloaded format=pdflatex 2026.3.10)  16 AUG 2026 19:22
entering extended mode
 restricted \write18 enabled.
 %&-line parsing enabled.
**C:/Users/fdonmez/Gdri/OISAC/prisma2020Review/systematic_review_workflow/07_ra
porlama/outputs/comst_prose_revision_2026-08-08/manuscript/comst_206_v2_9sectio
n/supplements/st01/ST01_SUPPLEMENT_DRIVER.tex

(c:/Users/fdonmez/Gdri/OISAC/prisma2020Review/systematic_review_workflow/07_rap
orlama/outputs/comst_prose_revision_2026-08-08/manuscript/comst_206_v2_9section
/supplements/st01/ST01_SUPPLEMENT_DRIVER.tex
LaTeX2e <2025-11-01>
L3 programming layer <2026-01-19>
(c:/texlive/2026/texmf-dist/tex/latex/ieeetran/IEEEtran.cls
Document Class: IEEEtran 2015/08/26 V1.8b by Michael Shell
-- See the "IEEEtran_HOWTO" manual for usage information.
-- http://www.michaelshell.org/tex/ieeetran/
\@IEEEtrantmpdimenA=\dimen148
\@IEEEtrantmpdimenB=\dimen149
\@IEEEtrantmpdimenC=\dimen150
\@IEEEtrantmpcountA=\count275
\@IEEEtrantmpcountB=\count276
\@IEEEtrantmpcountC=\count277
\@IEEEtrantmptoksA=\toks17
LaTeX Font Info:    Trying to load font information for OT1+ptm on input line 5
03.
(c:/texlive/2026/texmf-dist/tex/latex/psnfss/ot1ptm.fd
File: ot1ptm.fd 2001/06/04 font definitions for OT1/ptm.
)
** ATTENTION: Single column mode is not typically used with IEEE publications.
-- Using 8.5in x 11in (letter) paper.
-- Using PDF output.
\@IEEEnormalsizeunitybaselineskip=\dimen151
-- This is a 10 point document.
LaTeX Encoding Info:    Redeclaring text command \textunderscore (encoding ?) o
n input line 937.
\CLASSINFOnormalsizebaselineskip=\dimen152
\CLASSINFOnormalsizeunitybaselineskip=\dimen153
\IEEEnormaljot=\dimen154
LaTeX Font Info:    Font shape `OT1/ptm/bx/n' in size <5> not available
(Font)              Font shape `OT1/ptm/b/n' tried instead on input line 1090.
LaTeX Font Info:    Font shape `OT1/ptm/bx/it' in size <5> not available
(Font)              Font shape `OT1/ptm/b/it' tried instead on input line 1090.

LaTeX Font Info:    Font shape `OT1/ptm/bx/n' in size <7> not available
(Font)              Font shape `OT1/ptm/b/n' tried instead on input line 1090.
LaTeX Font Info:    Font shape `OT1/ptm/bx/it' in size <7> not available
(Font)              Font shape `OT1/ptm/b/it' tried instead on input line 1090.

LaTeX Font Info:    Font shape `OT1/ptm/bx/n' in size <8> not available
(Font)              Font shape `OT1/ptm/b/n' tried instead on input line 1090.
LaTeX Font Info:    Font shape `OT1/ptm/bx/it' in size <8> not available
(Font)              Font shape `OT1/ptm/b/it' tried instead on input line 1090.

LaTeX Font Info:    Font shape `OT1/ptm/bx/n' in size <9> not available
(Font)              Font shape `OT1/ptm/b/n' tried instead on input line 1090.
LaTeX Font Info:    Font shape `OT1/ptm/bx/it' in size <9> not available
(Font)              Font shape `OT1/ptm/b/it' tried instead on input line 1090.

LaTeX Font Info:    Font shape `OT1/ptm/bx/n' in size <10> not available
(Font)              Font shape `OT1/ptm/b/n' tried instead on input line 1090.
LaTeX Font Info:    Font shape `OT1/ptm/bx/it' in size <10> not available
(Font)              Font shape `OT1/ptm/b/it' tried instead on input line 1090.

LaTeX Font Info:    Font shape `OT1/ptm/bx/n' in size <11> not available
(Font)              Font shape `OT1/ptm/b/n' tried instead on input line 1090.
LaTeX Font Info:    Font shape `OT1/ptm/bx/it' in size <11> not available
(Font)              Font shape `OT1/ptm/b/it' tried instead on input line 1090.

LaTeX Font Info:    Font shape `OT1/ptm/bx/n' in size <12> not available
(Font)              Font shape `OT1/ptm/b/n' tried instead on input line 1090.
LaTeX Font Info:    Font shape `OT1/ptm/bx/it' in size <12> not available
(Font)              Font shape `OT1/ptm/b/it' tried instead on input line 1090.

LaTeX Font Info:    Font shape `OT1/ptm/bx/n' in size <17> not available
(Font)              Font shape `OT1/ptm/b/n' tried instead on input line 1090.
LaTeX Font Info:    Font shape `OT1/ptm/bx/it' in size <17> not available
(Font)              Font shape `OT1/ptm/b/it' tried instead on input line 1090.

LaTeX Font Info:    Font shape `OT1/ptm/bx/n' in size <20> not available
(Font)              Font shape `OT1/ptm/b/n' tried instead on input line 1090.
LaTeX Font Info:    Font shape `OT1/ptm/bx/it' in size <20> not available
(Font)              Font shape `OT1/ptm/b/it' tried instead on input line 1090.

LaTeX Font Info:    Font shape `OT1/ptm/bx/n' in size <24> not available
(Font)              Font shape `OT1/ptm/b/n' tried instead on input line 1090.
LaTeX Font Info:    Font shape `OT1/ptm/bx/it' in size <24> not available
(Font)              Font shape `OT1/ptm/b/it' tried instead on input line 1090.

\IEEEquantizedlength=\dimen155
\IEEEquantizedlengthdiff=\dimen156
\IEEEquantizedtextheightdiff=\dimen157
\IEEEilabelindentA=\dimen158
\IEEEilabelindentB=\dimen159
\IEEEilabelindent=\dimen160
\IEEEelabelindent=\dimen161
\IEEEdlabelindent=\dimen162
\IEEElabelindent=\dimen163
\IEEEiednormlabelsep=\dimen164
\IEEEiedmathlabelsep=\dimen165
\IEEEiedtopsep=\skip49
\c@section=\count278
\c@subsection=\count279
\c@subsubsection=\count280
\c@paragraph=\count281
\c@IEEEsubequation=\count282
\abovecaptionskip=\skip50
\belowcaptionskip=\skip51
\c@figure=\count283
\c@table=\count284
\@IEEEeqnnumcols=\count285
\@IEEEeqncolcnt=\count286
\@IEEEsubeqnnumrollback=\count287
\@IEEEquantizeheightA=\dimen166
\@IEEEquantizeheightB=\dimen167
\@IEEEquantizeheightC=\dimen168
\@IEEEquantizeprevdepth=\dimen169
\@IEEEquantizemultiple=\count288
\@IEEEquantizeboxA=\box53
\@IEEEtmpitemindent=\dimen170
\IEEEPARstartletwidth=\dimen171
\c@IEEEbiography=\count289
\@IEEEtranrubishbin=\box54
) (c:/texlive/2026/texmf-dist/tex/latex/base/fontenc.sty
Package: fontenc 2025/07/18 v2.1d Standard LaTeX package
LaTeX Font Info:    Trying to load font information for T1+ptm on input line 11
6.

(c:/texlive/2026/texmf-dist/tex/latex/psnfss/t1ptm.fd
File: t1ptm.fd 2001/06/04 font definitions for T1/ptm.
))
(c:/texlive/2026/texmf-dist/tex/latex/base/inputenc.sty
Package: inputenc 2024/02/08 v1.3d Input encoding file
\inpenc@prehook=\toks18
\inpenc@posthook=\toks19
)
(c:/texlive/2026/texmf-dist/tex/latex/cite/cite.sty
LaTeX Info: Redefining \cite on input line 302.
LaTeX Info: Redefining \nocite on input line 332.
Package: cite 2015/02/27  v 5.5
)
(c:/texlive/2026/texmf-dist/tex/latex/tools/array.sty
Package: array 2025/09/25 v2.6n Tabular extension package (FMi)
\col@sep=\dimen172
\ar@mcellbox=\box55
\extrarowheight=\dimen173
\NC@list=\toks20
\extratabsurround=\skip52
\backup@length=\skip53
\ar@cellbox=\box56
)
(c:/texlive/2026/texmf-dist/tex/latex/booktabs/booktabs.sty
Package: booktabs 2020/01/12 v1.61803398 Publication quality tables
\heavyrulewidth=\dimen174
\lightrulewidth=\dimen175
\cmidrulewidth=\dimen176
\belowrulesep=\dimen177
\belowbottomsep=\dimen178
\aboverulesep=\dimen179
\abovetopsep=\dimen180
\cmidrulesep=\dimen181
\cmidrulekern=\dimen182
\defaultaddspace=\dimen183
\@cmidla=\count290
\@cmidlb=\count291
\@aboverulesep=\dimen184
\@belowrulesep=\dimen185
\@thisruleclass=\count292
\@lastruleclass=\count293
\@thisrulewidth=\dimen186
)
(c:/texlive/2026/texmf-dist/tex/latex/tools/longtable.sty
Package: longtable 2025-10-13 v4.24 Multi-page Table package (DPC)
\LTleft=\skip54
\LTright=\skip55
\LTpre=\skip56
\LTpost=\skip57
\LTchunksize=\count294
\LTcapwidth=\dimen187
\LT@head=\box57
\LT@firsthead=\box58
\LT@foot=\box59
\LT@lastfoot=\box60
\LT@gbox=\box61
\LT@cols=\count295
\LT@rows=\count296
\c@LT@tables=\count297
\c@LT@chunks=\count298
\LT@p@ftn=\toks21
)
(c:/texlive/2026/texmf-dist/tex/latex/pdflscape/pdflscape.sty
Package: pdflscape 2025-06-23 v0.14 Display of landscape pages in PDF

(c:/texlive/2026/texmf-dist/tex/latex/pdflscape/pdflscape-nometadata.sty
Package: pdflscape-nometadata 2025-06-23 v0.14 Display of landscape pages in PD
F (HO)

(c:/texlive/2026/texmf-dist/tex/generic/iftex/iftex.sty
Package: iftex 2024/12/12 v1.0g TeX engine tests
)
(c:/texlive/2026/texmf-dist/tex/latex/graphics/lscape.sty
Package: lscape 2020/05/28 v3.02 Landscape Pages (DPC)

(c:/texlive/2026/texmf-dist/tex/latex/graphics/graphics.sty
Package: graphics 2024/08/06 v1.4g Standard LaTeX Graphics (DPC,SPQR)

(c:/texlive/2026/texmf-dist/tex/latex/graphics/trig.sty
Package: trig 2023/12/02 v1.11 sin cos tan (DPC)
)
(c:/texlive/2026/texmf-dist/tex/latex/graphics-cfg/graphics.cfg
File: graphics.cfg 2016/06/04 v1.11 sample graphics configuration
)
Package graphics Info: Driver file: pdftex.def on input line 106.

(c:/texlive/2026/texmf-dist/tex/latex/graphics-def/pdftex.def
File: pdftex.def 2025/09/29 v1.2d Graphics/color driver for pdftex
)))
Package pdflscape Info: Auto-detected driver: pdftex on input line 81.
))
(c:/texlive/2026/texmf-dist/tex/latex/tools/tabularx.sty
Package: tabularx 2023/12/11 v2.12a `tabularx' package (DPC)
\TX@col@width=\dimen188
\TX@old@table=\dimen189
\TX@old@col=\dimen190
\TX@target=\dimen191
\TX@delta=\dimen192
\TX@cols=\count299
\TX@ftn=\toks22
)
(c:/texlive/2026/texmf-dist/tex/latex/seqsplit/seqsplit.sty
Package: seqsplit 2006/08/07 v0.1 Splitting long sequences (DNA, RNA, proteins,
 etc.) 
)
(c:/texlive/2026/texmf-dist/tex/latex/base/textcomp.sty
Package: textcomp 2024/04/24 v2.1b Standard LaTeX package
)
(c:/texlive/2026/texmf-dist/tex/latex/url/url.sty
\Urlmuskip=\muskip17
Package: url 2013/09/16  ver 3.4  Verb mode for urls, etc.
)
(c:/texlive/2026/texmf-dist/tex/latex/l3backend/l3backend-pdftex.def
File: l3backend-pdftex.def 2025-10-09 L3 backend support: PDF output (pdfTeX)
\l__color_backend_stack_int=\count300
)
(./ST01_SUPPLEMENT_DRIVER.aux)
\openout1 = `ST01_SUPPLEMENT_DRIVER.aux'.

LaTeX Font Info:    Checking defaults for OML/cmm/m/it on input line 15.
LaTeX Font Info:    ... okay on input line 15.
LaTeX Font Info:    Checking defaults for OMS/cmsy/m/n on input line 15.
LaTeX Font Info:    ... okay on input line 15.
LaTeX Font Info:    Checking defaults for OT1/cmr/m/n on input line 15.
LaTeX Font Info:    ... okay on input line 15.
LaTeX Font Info:    Checking defaults for T1/cmr/m/n on input line 15.
LaTeX Font Info:    ... okay on input line 15.
LaTeX Font Info:    Checking defaults for TS1/cmr/m/n on input line 15.
LaTeX Font Info:    ... okay on input line 15.
LaTeX Font Info:    Checking defaults for OMX/cmex/m/n on input line 15.
LaTeX Font Info:    ... okay on input line 15.
LaTeX Font Info:    Checking defaults for U/cmr/m/n on input line 15.
LaTeX Font Info:    ... okay on input line 15.

-- Lines per column: 58 (exact).
(c:/texlive/2026/texmf-dist/tex/context/base/mkii/supp-pdf.mkii
[Loading MPS to PDF converter (version 2006.09.02).]
\scratchcounter=\count301
\scratchdimen=\dimen193
\scratchbox=\box62
\nofMPsegments=\count302
\nofMParguments=\count303
\everyMPshowfont=\toks23
\MPscratchCnt=\count304
\MPscratchDim=\dimen194
\MPnumerator=\count305
\makeMPintoPDFobject=\count306
\everyMPtoPDFconversion=\toks24
) (c:/texlive/2026/texmf-dist/tex/latex/epstopdf-pkg/epstopdf-base.sty
Package: epstopdf-base 2020-01-24 v2.11 Base part for package epstopdf
Package epstopdf-base Info: Redefining graphics rule for `.eps' on input line 4
85.

(c:/texlive/2026/texmf-dist/tex/latex/latexconfig/epstopdf-sys.cfg
File: epstopdf-sys.cfg 2010/07/13 v1.3 Configuration of (r)epstopdf for TeX Liv
e
))
LaTeX Font Info:    Trying to load font information for T1+pcr on input line 32
.

(c:/texlive/2026/texmf-dist/tex/latex/psnfss/t1pcr.fd
File: t1pcr.fd 2001/06/04 font definitions for T1/pcr.
) [1{c:/texlive/2026/texmf-var/fonts/map/pdftex/updmap/pdftex.map}{c:/texlive/2
026/texmf-dist/fonts/enc/dvips/base/8r.enc}] (./ST01_INCLUDED_STUDIES_206.tex
Underfull \hbox (badness 10000) in paragraph at lines 20--20
[]|\T1/ptm/m/n/8 shared_waveform; shared_hardware;
 []


Underfull \hbox (badness 10000) in paragraph at lines 20--20
[]|\T1/ptm/m/n/8 simulation; lab-o-ra-tory_
 []


Underfull \hbox (badness 10000) in paragraph at lines 20--20
[]|\T1/ptm/m/n/8 shared_hardware; shared_resource_
 []


Underfull \hbox (badness 10000) in paragraph at lines 20--20
[]|\T1/ptm/m/n/8 analytical; lab-o-ra-tory_
 []


Underfull \hbox (badness 10000) in paragraph at lines 20--20
[]|\T1/ptm/m/n/8 shared_waveform; shared_hardware;
 []


Underfull \hbox (badness 1584) in paragraph at lines 20--20
[]|\T1/ptm/m/n/8 S T C - E A D O - O F D
 []


Underfull \hbox (badness 10000) in paragraph at lines 20--20
[]|\T1/ptm/m/n/8 shared_waveform; shared_resource_
 []


Underfull \hbox (badness 10000) in paragraph at lines 20--20
[]|\T1/ptm/m/n/8 shared_waveform; shared_hardware;
 []


Underfull \hbox (badness 10000) in paragraph at lines 20--20
\T1/ptm/m/n/8 shared_link_or_channel; shared_
 []


Underfull \hbox (badness 2088) in paragraph at lines 20--20
[]|\T1/ptm/m/n/8 S T C - F R D M - P O L
 []


Underfull \hbox (badness 10000) in paragraph at lines 20--20
[]|\T1/ptm/m/n/8 shared_waveform; shared_hardware;
 []


Underfull \hbox (badness 10000) in paragraph at lines 20--20
\T1/ptm/m/n/8 shared_link_or_channel; shared_
 []


Underfull \hbox (badness 10000) in paragraph at lines 20--20
[]|\T1/ptm/m/n/8 simulation; lab-o-ra-tory_
 []

[2

]
Underfull \hbox (badness 10000) in paragraph at lines 39--39
[]|\T1/ptm/m/n/8 shared_hardware; shared_link_or_
 []


Underfull \hbox (badness 10000) in paragraph at lines 39--39
[]|\T1/ptm/m/n/8 laboratory_experiment;
 []


Underfull \hbox (badness 2799) in paragraph at lines 39--39
[]|\T1/ptm/m/n/8 S T C - M M W - O F D
 []


Underfull \hbox (badness 10000) in paragraph at lines 39--39
[]|\T1/ptm/m/n/8 shared_waveform; shared_hardware;
 []


Underfull \hbox (badness 10000) in paragraph at lines 39--39
[]|\T1/ptm/m/n/8 simulation; lab-o-ra-tory_
 []


Underfull \hbox (badness 10000) in paragraph at lines 39--39
[]|\T1/ptm/m/n/8 shared_hardware; shared_resource_
 []


Underfull \hbox (badness 10000) in paragraph at lines 39--39
\T1/ptm/m/n/8 allocation; joint_design_or_
 []


Underfull \hbox (badness 10000) in paragraph at lines 39--39
[]|\T1/ptm/m/n/8 analytical; sim-u-la-tion;
 []


Underfull \hbox (badness 10000) in paragraph at lines 39--39
\T1/ptm/m/n/8 lab-o-ra-tory_experiment;
 []


Underfull \hbox (badness 10000) in paragraph at lines 39--39
[]|\T1/ptm/m/n/8 shared_waveform; shared_resource_
 []


Underfull \hbox (badness 2277) in paragraph at lines 39--39
[]|\T1/ptm/m/n/8 analytical; sim-u-la-tion; lab-o-ra-
 []


Underfull \hbox (badness 10000) in paragraph at lines 39--39
[]|\T1/ptm/m/n/8 shared_waveform; shared_hardware;
 []


Underfull \hbox (badness 10000) in paragraph at lines 39--39
[]|\T1/ptm/m/n/8 analytical; sim-u-la-tion;
 []


Underfull \hbox (badness 10000) in paragraph at lines 39--39
\T1/ptm/m/n/8 lab-o-ra-tory_experiment;
 []


Underfull \hbox (badness 4518) in paragraph at lines 39--39
[]|\T1/ptm/m/n/8 analytical; nu-mer-i-cal_analysis;
 []

[3

]
Underfull \hbox (badness 7030) in paragraph at lines 58--58
[]|\T1/ptm/m/n/8 analytical; sim-u-la-tion; pro-to-
 []


Underfull \hbox (badness 2726) in paragraph at lines 58--58
[]|\T1/ptm/m/n/8 S T C - S E L F - H O M
 []


Underfull \hbox (badness 10000) in paragraph at lines 58--58
[]|\T1/ptm/m/n/8 analytical; lab-o-ra-tory_
 []


Underfull \hbox (badness 1584) in paragraph at lines 58--58
\T1/ptm/m/n/8 E - C O M B - S H - D A
 []


Underfull \hbox (badness 10000) in paragraph at lines 58--58
[]|\T1/ptm/m/n/8 shared_hardware; shared_optical_
 []


Underfull \hbox (badness 10000) in paragraph at lines 58--58
\T1/ptm/m/n/8 carrier; shared_link_or_channel;
 []


Underfull \hbox (badness 10000) in paragraph at lines 58--58
\T1/ptm/m/n/8 shared_resource_allocation; joint_
 []


Underfull \hbox (badness 10000) in paragraph at lines 58--58
[]|\T1/ptm/m/n/8 analytical; lab-o-ra-tory_
 []


Underfull \hbox (badness 10000) in paragraph at lines 58--58
[]|\T1/ptm/m/n/8 shared_waveform; shared_optical_
 []


Underfull \hbox (badness 2277) in paragraph at lines 58--58
[]|\T1/ptm/m/n/8 analytical; sim-u-la-tion; lab-o-ra-
 []


Underfull \hbox (badness 10000) in paragraph at lines 58--58
[]|\T1/ptm/m/n/8 laboratory_experiment;
 []


Underfull \hbox (badness 10000) in paragraph at lines 58--58
[]|\T1/ptm/m/n/8 shared_hardware; shared_optical_
 []


Underfull \hbox (badness 10000) in paragraph at lines 58--58
\T1/ptm/m/n/8 carrier; shared_link_or_channel;
 []


Underfull \hbox (badness 10000) in paragraph at lines 58--58
[]|\T1/ptm/m/n/8 shared_waveform; shared_link_or_
 []

[4

]
Underfull \hbox (badness 10000) in paragraph at lines 77--77
[]|\T1/ptm/m/n/8 shared_hardware; shared_link_or_
 []


Underfull \hbox (badness 10000) in paragraph at lines 77--77
[]|\T1/ptm/m/n/8 shared_waveform; shared_hardware;
 []


Underfull \hbox (badness 10000) in paragraph at lines 77--77
\T1/ptm/m/n/8 shared_resource_allocation; joint_
 []


Underfull \hbox (badness 10000) in paragraph at lines 77--77
[]|\T1/ptm/m/n/8 shared_waveform; shared_hardware;
 []


Underfull \hbox (badness 10000) in paragraph at lines 77--77
\T1/ptm/m/n/8 shared_optical_carrier; shared_link_
 []


Underfull \hbox (badness 2277) in paragraph at lines 77--77
[]|\T1/ptm/m/n/8 analytical; sim-u-la-tion; lab-o-ra-
 []


Underfull \hbox (badness 10000) in paragraph at lines 77--77
[]|\T1/ptm/m/n/8 shared_optical_carrier; shared_
 []


Underfull \hbox (badness 10000) in paragraph at lines 77--77
\T1/ptm/m/n/8 link_or_channel; shared_resource_
 []


Underfull \hbox (badness 10000) in paragraph at lines 77--77
[]|\T1/ptm/m/n/8 laboratory_experiment;
 []


Underfull \hbox (badness 10000) in paragraph at lines 77--77
[]|\T1/ptm/m/n/8 shared_waveform; shared_hardware;
 []


Underfull \hbox (badness 10000) in paragraph at lines 77--77
\T1/ptm/m/n/8 shared_optical_carrier; shared_
 []


Underfull \hbox (badness 10000) in paragraph at lines 77--77
\T1/ptm/m/n/8 link_or_channel; joint_design_or_
 []


Underfull \hbox (badness 10000) in paragraph at lines 77--77
[]|\T1/ptm/m/n/8 laboratory_experiment;
 []


Underfull \hbox (badness 10000) in paragraph at lines 77--77
[]|\T1/ptm/m/n/8 shared_waveform; shared_hardware;
 []


Underfull \hbox (badness 10000) in paragraph at lines 77--77
\T1/ptm/m/n/8 shared_optical_carrier; shared_link_
 []


Underfull \hbox (badness 10000) in paragraph at lines 77--77
[]|\T1/ptm/m/n/8 analytical; lab-o-ra-tory_
 []


Underfull \hbox (badness 10000) in paragraph at lines 77--77
[]|\T1/ptm/m/n/8 shared_waveform; shared_hardware;
 []

[5

]
Underfull \hbox (badness 10000) in paragraph at lines 96--96
[]|\T1/ptm/m/n/8 shared_waveform; shared_link_or_
 []


Underfull \hbox (badness 10000) in paragraph at lines 96--96
[]|\T1/ptm/m/n/8 shared_link_or_channel; shared_
 []


Underfull \hbox (badness 10000) in paragraph at lines 96--96
[]|\T1/ptm/m/n/8 shared_waveform; shared_hardware;
 []


Underfull \hbox (badness 10000) in paragraph at lines 96--96
\T1/ptm/m/n/8 shared_link_or_channel; shared_
 []


Underfull \hbox (badness 2277) in paragraph at lines 96--96
[]|\T1/ptm/m/n/8 analytical; sim-u-la-tion; lab-o-ra-
 []


Underfull \hbox (badness 10000) in paragraph at lines 96--96
[]|\T1/ptm/m/n/8 shared_link_or_channel; shared_
 []


Underfull \hbox (badness 10000) in paragraph at lines 96--96
[]|\T1/ptm/m/n/8 shared_waveform; shared_hardware;
 []


Underfull \hbox (badness 10000) in paragraph at lines 96--96
[]|\T1/ptm/m/n/8 shared_waveform; shared_hardware;
 []


Underfull \hbox (badness 10000) in paragraph at lines 96--96
\T1/ptm/m/n/8 shared_resource_allocation; joint_
 []


Underfull \hbox (badness 10000) in paragraph at lines 96--96
[]|\T1/ptm/m/n/8 shared_waveform; shared_hardware;
 []


Underfull \hbox (badness 7963) in paragraph at lines 96--96
\T1/ptm/m/n/8 shared_optical_carrier; joint_design_
 []


Underfull \hbox (badness 6032) in paragraph at lines 96--96
\T1/ptm/m/n/8 or_optimization; shared_application_
 []


Underfull \hbox (badness 10000) in paragraph at lines 96--96
[]|\T1/ptm/m/n/8 dataset_based; lab-o-ra-tory_
 []

[6

]
Underfull \hbox (badness 10000) in paragraph at lines 115--115
[]|\T1/ptm/m/n/8 shared_link_or_channel; shared_
 []


Underfull \hbox (badness 10000) in paragraph at lines 115--115
[]|\T1/ptm/m/n/8 laboratory_experiment;
 []


Underfull \hbox (badness 10000) in paragraph at lines 115--115
[]|\T1/ptm/m/n/8 shared_waveform; shared_hardware;
 []


Underfull \hbox (badness 10000) in paragraph at lines 115--115
\T1/ptm/m/n/8 shared_link_or_channel; shared_
 []


Underfull \hbox (badness 2229) in paragraph at lines 115--115
\T1/ptm/m/n/8 resource_allocation; joint_design_or_
 []


Underfull \hbox (badness 10000) in paragraph at lines 115--115
[]|\T1/ptm/m/n/8 simulation; lab-o-ra-tory_
 []


Underfull \hbox (badness 10000) in paragraph at lines 115--115
[]|\T1/ptm/m/n/8 shared_waveform; shared_hardware;
 []


Underfull \hbox (badness 7963) in paragraph at lines 115--115
\T1/ptm/m/n/8 shared_optical_carrier; joint_design_
 []


Underfull \hbox (badness 10000) in paragraph at lines 115--115
[]|\T1/ptm/m/n/8 laboratory_experiment;
 []


Underfull \hbox (badness 10000) in paragraph at lines 115--115
[]|\T1/ptm/m/n/8 shared_resource_allocation; joint_
 []


Underfull \hbox (badness 10000) in paragraph at lines 115--115
\T1/ptm/m/n/8 design_or_optimization; shared_
 []


Underfull \hbox (badness 10000) in paragraph at lines 115--115
[]|\T1/ptm/m/n/8 simulation; lab-o-ra-tory_
 []


Underfull \hbox (badness 3557) in paragraph at lines 115--115
\T1/ptm/m/n/8 experiment; pro-to-type_testbed;
 []


Underfull \hbox (badness 10000) in paragraph at lines 115--115
[]|\T1/ptm/m/n/8 shared_hardware; shared_resource_
 []


Underfull \hbox (badness 10000) in paragraph at lines 115--115
[]|\T1/ptm/m/n/8 laboratory_experiment;
 []


Underfull \hbox (badness 10000) in paragraph at lines 115--115
[]|\T1/ptm/m/n/8 shared_waveform; shared_hardware;
 []


Underfull \hbox (badness 10000) in paragraph at lines 115--115
\T1/ptm/m/n/8 shared_optical_carrier; shared_
 []


Underfull \hbox (badness 10000) in paragraph at lines 115--115
\T1/ptm/m/n/8 link_or_channel; joint_design_or_
 []


Underfull \hbox (badness 1867) in paragraph at lines 115--115
[]|\T1/ptm/m/n/8 analytical; dataset_based; lab-
 []


Underfull \hbox (badness 10000) in paragraph at lines 115--115
[]|\T1/ptm/m/n/8 shared_waveform; shared_hardware;
 []


Underfull \hbox (badness 10000) in paragraph at lines 115--115
\T1/ptm/m/n/8 shared_optical_carrier; shared_
 []


Underfull \hbox (badness 10000) in paragraph at lines 115--115
\T1/ptm/m/n/8 link_or_channel; joint_design_or_
 []


Underfull \hbox (badness 10000) in paragraph at lines 115--115
[]|\T1/ptm/m/n/8 laboratory_experiment;
 []

[7

]
Underfull \hbox (badness 10000) in paragraph at lines 134--134
[]|\T1/ptm/m/n/8 shared_waveform; shared_hardware;
 []


Underfull \hbox (badness 10000) in paragraph at lines 134--134
[]|\T1/ptm/m/n/8 simulation; lab-o-ra-tory_
 []


Underfull \hbox (badness 3557) in paragraph at lines 134--134
\T1/ptm/m/n/8 experiment; pro-to-type_testbed;
 []


Underfull \hbox (badness 10000) in paragraph at lines 134--134
[]|\T1/ptm/m/n/8 shared_hardware; shared_link_or_
 []


Underfull \hbox (badness 4518) in paragraph at lines 134--134
[]|\T1/ptm/m/n/8 analytical; nu-mer-i-cal_analysis;
 []


Underfull \hbox (badness 10000) in paragraph at lines 134--134
\T1/ptm/m/n/8 lab-o-ra-tory_experiment;
 []


Underfull \hbox (badness 10000) in paragraph at lines 134--134
[]|\T1/ptm/m/n/8 shared_waveform; shared_hardware;
 []


Underfull \hbox (badness 10000) in paragraph at lines 134--134
\T1/ptm/m/n/8 shared_optical_carrier; shared_
 []


Underfull \hbox (badness 10000) in paragraph at lines 134--134
\T1/ptm/m/n/8 link_or_channel; joint_design_or_
 []


Underfull \hbox (badness 10000) in paragraph at lines 134--134
[]|\T1/ptm/m/n/8 shared_waveform; shared_hardware;
 []


Underfull \hbox (badness 10000) in paragraph at lines 134--134
\T1/ptm/m/n/8 shared_optical_carrier; shared_link_
 []


Underfull \hbox (badness 10000) in paragraph at lines 134--134
\T1/ptm/m/n/8 or_channel; shared_application_
 []


Underfull \hbox (badness 10000) in paragraph at lines 134--134
[]|\T1/ptm/m/n/8 laboratory_experiment;
 []


Underfull \hbox (badness 10000) in paragraph at lines 134--134
[]|\T1/ptm/m/n/8 shared_waveform; shared_hardware;
 []


Underfull \hbox (badness 10000) in paragraph at lines 134--134
\T1/ptm/m/n/8 shared_optical_carrier; shared_
 []


Underfull \hbox (badness 10000) in paragraph at lines 134--134
\T1/ptm/m/n/8 link_or_channel; joint_design_or_
 []


Underfull \hbox (badness 10000) in paragraph at lines 134--134
[]|\T1/ptm/m/n/8 shared_hardware; shared_resource_
 []


Underfull \hbox (badness 10000) in paragraph at lines 134--134
\T1/ptm/m/n/8 allocation; joint_design_or_
 []


Underfull \hbox (badness 10000) in paragraph at lines 134--134
\T1/ptm/m/n/8 optimization; shared_application_
 []


Underfull \hbox (badness 4518) in paragraph at lines 134--134
[]|\T1/ptm/m/n/8 analytical; nu-mer-i-cal_analysis;
 []


Underfull \hbox (badness 10000) in paragraph at lines 134--134
\T1/ptm/m/n/8 lab-o-ra-tory_experiment;
 []

[8

]
Underfull \hbox (badness 10000) in paragraph at lines 153--153
[]|\T1/ptm/m/n/8 shared_waveform; shared_hardware;
 []


Underfull \hbox (badness 10000) in paragraph at lines 153--153
\T1/ptm/m/n/8 shared_resource_allocation; joint_
 []


Underfull \hbox (badness 4518) in paragraph at lines 153--153
[]|\T1/ptm/m/n/8 analytical; nu-mer-i-cal_analysis;
 []


Underfull \hbox (badness 10000) in paragraph at lines 153--153
[]|\T1/ptm/m/n/8 shared_hardware; shared_link_
 []


Underfull \hbox (badness 10000) in paragraph at lines 153--153
\T1/ptm/m/n/8 or_channel; joint_design_or_
 []


Underfull \hbox (badness 10000) in paragraph at lines 153--153
\T1/ptm/m/n/8 optimization; shared_application_
 []


Underfull \hbox (badness 4518) in paragraph at lines 153--153
[]|\T1/ptm/m/n/8 analytical; nu-mer-i-cal_analysis;
 []


Underfull \hbox (badness 10000) in paragraph at lines 153--153
[]|\T1/ptm/m/n/8 shared_waveform; shared_hardware;
 []


Underfull \hbox (badness 10000) in paragraph at lines 153--153
\T1/ptm/m/n/8 shared_optical_carrier; shared_
 []


Underfull \hbox (badness 10000) in paragraph at lines 153--153
\T1/ptm/m/n/8 link_or_channel; joint_design_or_
 []


Underfull \hbox (badness 10000) in paragraph at lines 153--153
[]|\T1/ptm/m/n/8 laboratory_experiment;
 []


Underfull \hbox (badness 10000) in paragraph at lines 153--153
[]|\T1/ptm/m/n/8 shared_hardware; joint_design_or_
 []


Underfull \hbox (badness 10000) in paragraph at lines 153--153
\T1/ptm/m/n/8 optimization; shared_application_
 []


Underfull \hbox (badness 10000) in paragraph at lines 153--153
[]|\T1/ptm/m/n/8 laboratory_experiment;
 []


Underfull \hbox (badness 10000) in paragraph at lines 153--153
[]|\T1/ptm/m/n/8 shared_waveform; shared_hardware;
 []


Underfull \hbox (badness 10000) in paragraph at lines 153--153
\T1/ptm/m/n/8 shared_optical_carrier; shared_
 []


Underfull \hbox (badness 2229) in paragraph at lines 153--153
\T1/ptm/m/n/8 resource_allocation; joint_design_or_
 []


Underfull \hbox (badness 10000) in paragraph at lines 153--153
[]|\T1/ptm/m/n/8 laboratory_experiment;
 []


Underfull \hbox (badness 10000) in paragraph at lines 153--153
[]|\T1/ptm/m/n/8 shared_hardware; shared_optical_
 []


Underfull \hbox (badness 10000) in paragraph at lines 153--153
\T1/ptm/m/n/8 carrier; shared_link_or_channel;
 []


Underfull \hbox (badness 10000) in paragraph at lines 153--153
\T1/ptm/m/n/8 shared_resource_allocation; joint_
 []


Underfull \hbox (badness 10000) in paragraph at lines 153--153
[]|\T1/ptm/m/n/8 simulation; lab-o-ra-tory_
 []


Underfull \hbox (badness 10000) in paragraph at lines 153--153
[]|\T1/ptm/m/n/8 shared_waveform; shared_hardware;
 []


Underfull \hbox (badness 10000) in paragraph at lines 153--153
\T1/ptm/m/n/8 shared_optical_carrier; shared_link_
 []


Underfull \hbox (badness 10000) in paragraph at lines 153--153
[]|\T1/ptm/m/n/8 laboratory_experiment;
 []

[9

]
Underfull \hbox (badness 10000) in paragraph at lines 172--172
[]|\T1/ptm/m/n/8 shared_waveform; shared_hardware;
 []


Underfull \hbox (badness 10000) in paragraph at lines 172--172
\T1/ptm/m/n/8 shared_optical_carrier; shared_
 []


Underfull \hbox (badness 2229) in paragraph at lines 172--172
\T1/ptm/m/n/8 resource_allocation; joint_design_or_
 []


Underfull \hbox (badness 10000) in paragraph at lines 172--172
[]|\T1/ptm/m/n/8 analytical; sim-u-la-tion;
 []


Underfull \hbox (badness 10000) in paragraph at lines 172--172
\T1/ptm/m/n/8 lab-o-ra-tory_experiment;
 []


Underfull \hbox (badness 10000) in paragraph at lines 172--172
[]|\T1/ptm/m/n/8 shared_waveform; shared_hardware;
 []


Underfull \hbox (badness 10000) in paragraph at lines 172--172
\T1/ptm/m/n/8 shared_optical_carrier; shared_
 []


Underfull \hbox (badness 2229) in paragraph at lines 172--172
\T1/ptm/m/n/8 resource_allocation; joint_design_or_
 []


Underfull \hbox (badness 10000) in paragraph at lines 172--172
[]|\T1/ptm/m/n/8 analytical; sim-u-la-tion;
 []


Underfull \hbox (badness 10000) in paragraph at lines 172--172
\T1/ptm/m/n/8 lab-o-ra-tory_experiment;
 []


Underfull \hbox (badness 10000) in paragraph at lines 172--172
[]|\T1/ptm/m/n/8 shared_waveform; shared_hardware;
 []


Underfull \hbox (badness 10000) in paragraph at lines 172--172
\T1/ptm/m/n/8 shared_optical_carrier; shared_
 []


Underfull \hbox (badness 10000) in paragraph at lines 172--172
\T1/ptm/m/n/8 link_or_channel; shared_resource_
 []


Underfull \hbox (badness 10000) in paragraph at lines 172--172
\T1/ptm/m/n/8 allocation; joint_design_or_
 []


Underfull \hbox (badness 10000) in paragraph at lines 172--172
[]|\T1/ptm/m/n/8 simulation; lab-o-ra-tory_
 []


Underfull \hbox (badness 3557) in paragraph at lines 172--172
\T1/ptm/m/n/8 experiment; pro-to-type_testbed;
 []


Underfull \hbox (badness 10000) in paragraph at lines 172--172
[]|\T1/ptm/m/n/8 shared_waveform; shared_hardware;
 []


Underfull \hbox (badness 10000) in paragraph at lines 172--172
\T1/ptm/m/n/8 shared_optical_carrier; shared_
 []


Underfull \hbox (badness 10000) in paragraph at lines 172--172
\T1/ptm/m/n/8 link_or_channel; shared_resource_
 []


Underfull \hbox (badness 10000) in paragraph at lines 172--172
\T1/ptm/m/n/8 allocation; joint_design_or_
 []


Underfull \hbox (badness 10000) in paragraph at lines 172--172
[]|\T1/ptm/m/n/8 analytical; lab-o-ra-tory_
 []


Underfull \hbox (badness 10000) in paragraph at lines 172--172
[]|\T1/ptm/m/n/8 shared_waveform; shared_hardware;
 []


Underfull \hbox (badness 10000) in paragraph at lines 172--172
\T1/ptm/m/n/8 shared_optical_carrier; shared_
 []


Underfull \hbox (badness 10000) in paragraph at lines 172--172
\T1/ptm/m/n/8 link_or_channel; shared_resource_
 []


Underfull \hbox (badness 10000) in paragraph at lines 172--172
\T1/ptm/m/n/8 allocation; joint_design_or_
 []


Underfull \hbox (badness 10000) in paragraph at lines 172--172
[]|\T1/ptm/m/n/8 analytical; lab-o-ra-tory_
 []


Underfull \hbox (badness 10000) in paragraph at lines 172--172
[]|\T1/ptm/m/n/8 shared_hardware; shared_resource_
 []


Underfull \hbox (badness 10000) in paragraph at lines 172--172
\T1/ptm/m/n/8 allocation; joint_design_or_
 []


Underfull \hbox (badness 10000) in paragraph at lines 172--172
\T1/ptm/m/n/8 optimization; shared_application_
 []


Underfull \hbox (badness 10000) in paragraph at lines 172--172
[]|\T1/ptm/m/n/8 dataset_based; lab-o-ra-tory_
 []


Underfull \hbox (badness 3557) in paragraph at lines 172--172
\T1/ptm/m/n/8 experiment; pro-to-type_testbed;
 []


Underfull \hbox (badness 10000) in paragraph at lines 172--172
[]|\T1/ptm/m/n/8 shared_waveform; shared_hardware;
 []


Underfull \hbox (badness 10000) in paragraph at lines 172--172
\T1/ptm/m/n/8 shared_optical_carrier; shared_link_
 []


Underfull \hbox (badness 10000) in paragraph at lines 172--172
\T1/ptm/m/n/8 or_channel; shared_application_
 []


Underfull \hbox (badness 10000) in paragraph at lines 172--172
[]|\T1/ptm/m/n/8 laboratory_experiment;
 []

[10

]
Underfull \hbox (badness 10000) in paragraph at lines 191--191
[]|\T1/ptm/m/n/8 shared_waveform; shared_hardware;
 []


Underfull \hbox (badness 10000) in paragraph at lines 191--191
\T1/ptm/m/n/8 shared_optical_carrier; shared_
 []


Underfull \hbox (badness 10000) in paragraph at lines 191--191
\T1/ptm/m/n/8 link_or_channel; joint_design_or_
 []


Underfull \hbox (badness 10000) in paragraph at lines 191--191
\T1/ptm/m/n/8 optimization; shared_application_
 []


Underfull \hbox (badness 10000) in paragraph at lines 191--191
[]|\T1/ptm/m/n/8 analytical; sim-u-la-tion;
 []


Underfull \hbox (badness 10000) in paragraph at lines 191--191
\T1/ptm/m/n/8 lab-o-ra-tory_experiment;
 []


Underfull \hbox (badness 10000) in paragraph at lines 191--191
[]|\T1/ptm/m/n/8 shared_hardware; shared_link_or_
 []


Underfull \hbox (badness 10000) in paragraph at lines 191--191
\T1/ptm/m/n/8 channel; shared_resource_allocation;
 []


Underfull \hbox (badness 10000) in paragraph at lines 191--191
[]|\T1/ptm/m/n/8 analytical; sim-u-la-tion;
 []


Underfull \hbox (badness 10000) in paragraph at lines 191--191
\T1/ptm/m/n/8 lab-o-ra-tory_experiment;
 []


Underfull \hbox (badness 10000) in paragraph at lines 191--191
[]|\T1/ptm/m/n/8 analytical; lab-o-ra-tory_
 []


Underfull \hbox (badness 10000) in paragraph at lines 191--191
[]|\T1/ptm/m/n/8 shared_optical_carrier; shared_link_
 []


Underfull \hbox (badness 10000) in paragraph at lines 191--191
\T1/ptm/m/n/8 or_channel; shared_application_
 []


Underfull \hbox (badness 4518) in paragraph at lines 191--191
[]|\T1/ptm/m/n/8 analytical; nu-mer-i-cal_analysis;
 []


Underfull \hbox (badness 10000) in paragraph at lines 191--191
[]|\T1/ptm/m/n/8 shared_waveform; shared_hardware;
 []


Underfull \hbox (badness 10000) in paragraph at lines 191--191
\T1/ptm/m/n/8 shared_optical_carrier; shared_
 []


Underfull \hbox (badness 10000) in paragraph at lines 191--191
\T1/ptm/m/n/8 link_or_channel; shared_resource_
 []


Underfull \hbox (badness 10000) in paragraph at lines 191--191
\T1/ptm/m/n/8 allocation; joint_design_or_
 []


Underfull \hbox (badness 10000) in paragraph at lines 191--191
[]|\T1/ptm/m/n/8 analytical; sim-u-la-tion;
 []


Underfull \hbox (badness 10000) in paragraph at lines 191--191
\T1/ptm/m/n/8 lab-o-ra-tory_experiment;
 []


Underfull \hbox (badness 10000) in paragraph at lines 191--191
[]|\T1/ptm/m/n/8 shared_waveform; shared_hardware;
 []


Underfull \hbox (badness 10000) in paragraph at lines 191--191
\T1/ptm/m/n/8 shared_optical_carrier; shared_
 []


Underfull \hbox (badness 10000) in paragraph at lines 191--191
\T1/ptm/m/n/8 link_or_channel; joint_design_or_
 []


Underfull \hbox (badness 10000) in paragraph at lines 191--191
[]|\T1/ptm/m/n/8 analytical; sim-u-la-tion;
 []


Underfull \hbox (badness 10000) in paragraph at lines 191--191
\T1/ptm/m/n/8 lab-o-ra-tory_experiment;
 []


Underfull \hbox (badness 10000) in paragraph at lines 191--191
[]|\T1/ptm/m/n/8 shared_waveform; shared_hardware;
 []


Underfull \hbox (badness 10000) in paragraph at lines 191--191
\T1/ptm/m/n/8 shared_link_or_channel; shared_
 []


Underfull \hbox (badness 10000) in paragraph at lines 191--191
\T1/ptm/m/n/8 resource_allocation; joint_design_
 []


Underfull \hbox (badness 6032) in paragraph at lines 191--191
\T1/ptm/m/n/8 or_optimization; shared_application_
 []


Underfull \hbox (badness 10000) in paragraph at lines 191--191
[]|\T1/ptm/m/n/8 simulation; lab-o-ra-tory_
 []


Underfull \hbox (badness 3557) in paragraph at lines 191--191
\T1/ptm/m/n/8 experiment; pro-to-type_testbed;
 []

[11

]
Underfull \hbox (badness 10000) in paragraph at lines 210--210
[]|\T1/ptm/m/n/8 shared_hardware; joint_design_or_
 []


Underfull \hbox (badness 10000) in paragraph at lines 210--210
\T1/ptm/m/n/8 optimization; shared_application_
 []


Underfull \hbox (badness 10000) in paragraph at lines 210--210
[]|\T1/ptm/m/n/8 laboratory_experiment;
 []


Underfull \hbox (badness 10000) in paragraph at lines 210--210
[]|\T1/ptm/m/n/8 shared_waveform; shared_hardware;
 []


Underfull \hbox (badness 10000) in paragraph at lines 210--210
\T1/ptm/m/n/8 shared_optical_carrier; shared_
 []


Underfull \hbox (badness 10000) in paragraph at lines 210--210
\T1/ptm/m/n/8 link_or_channel; joint_design_or_
 []


Underfull \hbox (badness 10000) in paragraph at lines 210--210
\T1/ptm/m/n/8 optimization; shared_application_
 []


Underfull \hbox (badness 10000) in paragraph at lines 210--210
[]|\T1/ptm/m/n/8 shared_waveform; shared_hardware;
 []


Underfull \hbox (badness 10000) in paragraph at lines 210--210
\T1/ptm/m/n/8 shared_optical_carrier; shared_
 []


Underfull \hbox (badness 10000) in paragraph at lines 210--210
\T1/ptm/m/n/8 link_or_channel; shared_resource_
 []


Underfull \hbox (badness 10000) in paragraph at lines 210--210
\T1/ptm/m/n/8 allocation; joint_design_or_
 []


Underfull \hbox (badness 10000) in paragraph at lines 210--210
[]|\T1/ptm/m/n/8 analytical; sim-u-la-tion;
 []


Underfull \hbox (badness 10000) in paragraph at lines 210--210
\T1/ptm/m/n/8 lab-o-ra-tory_experiment;
 []


Underfull \hbox (badness 10000) in paragraph at lines 210--210
[]|\T1/ptm/m/n/8 shared_hardware; shared_link_or_
 []


Underfull \hbox (badness 10000) in paragraph at lines 210--210
\T1/ptm/m/n/8 channel; shared_resource_allocation;
 []


Underfull \hbox (badness 10000) in paragraph at lines 210--210
[]|\T1/ptm/m/n/8 analytical; lab-o-ra-tory_
 []


Underfull \hbox (badness 3557) in paragraph at lines 210--210
\T1/ptm/m/n/8 experiment; pro-to-type_testbed;
 []


Underfull \hbox (badness 10000) in paragraph at lines 210--210
[]|\T1/ptm/m/n/8 shared_waveform; shared_link_
 []


Underfull \hbox (badness 10000) in paragraph at lines 210--210
\T1/ptm/m/n/8 or_channel; joint_design_or_
 []


Underfull \hbox (badness 10000) in paragraph at lines 210--210
\T1/ptm/m/n/8 optimization; shared_application_
 []


Underfull \hbox (badness 10000) in paragraph at lines 210--210
[]|\T1/ptm/m/n/8 shared_waveform; shared_hardware;
 []


Underfull \hbox (badness 10000) in paragraph at lines 210--210
\T1/ptm/m/n/8 shared_optical_carrier; shared_
 []


Underfull \hbox (badness 10000) in paragraph at lines 210--210
\T1/ptm/m/n/8 link_or_channel; shared_resource_
 []


Underfull \hbox (badness 10000) in paragraph at lines 210--210
\T1/ptm/m/n/8 allocation; joint_design_or_
 []


Underfull \hbox (badness 10000) in paragraph at lines 210--210
\T1/ptm/m/n/8 optimization; shared_application_
 []


Underfull \hbox (badness 10000) in paragraph at lines 210--210
[]|\T1/ptm/m/n/8 analytical; sim-u-la-tion;
 []


Underfull \hbox (badness 10000) in paragraph at lines 210--210
\T1/ptm/m/n/8 lab-o-ra-tory_experiment;
 []


Underfull \hbox (badness 10000) in paragraph at lines 210--210
[]|\T1/ptm/m/n/8 shared_hardware; shared_link_or_
 []


Underfull \hbox (badness 10000) in paragraph at lines 210--210
\T1/ptm/m/n/8 channel; shared_resource_allocation;
 []


Underfull \hbox (badness 10000) in paragraph at lines 210--210
[]|\T1/ptm/m/n/8 simulation; lab-o-ra-tory_
 []


Underfull \hbox (badness 3557) in paragraph at lines 210--210
\T1/ptm/m/n/8 experiment; pro-to-type_testbed;
 []

[12

]
Underfull \hbox (badness 10000) in paragraph at lines 229--229
[]|\T1/ptm/m/n/8 shared_hardware; shared_optical_
 []


Underfull \hbox (badness 10000) in paragraph at lines 229--229
\T1/ptm/m/n/8 carrier; shared_link_or_channel;
 []


Underfull \hbox (badness 10000) in paragraph at lines 229--229
\T1/ptm/m/n/8 shared_resource_allocation; joint_
 []


Underfull \hbox (badness 10000) in paragraph at lines 229--229
\T1/ptm/m/n/8 design_or_optimization; shared_
 []


Underfull \hbox (badness 10000) in paragraph at lines 229--229
[]|\T1/ptm/m/n/8 analytical; lab-o-ra-tory_
 []


Underfull \hbox (badness 10000) in paragraph at lines 229--229
[]|\T1/ptm/m/n/8 shared_hardware; shared_link_
 []


Underfull \hbox (badness 10000) in paragraph at lines 229--229
\T1/ptm/m/n/8 or_channel; joint_design_or_
 []


Underfull \hbox (badness 10000) in paragraph at lines 229--229
\T1/ptm/m/n/8 optimization; shared_application_
 []


Underfull \hbox (badness 10000) in paragraph at lines 229--229
[]|\T1/ptm/m/n/8 laboratory_experiment;
 []


Underfull \hbox (badness 10000) in paragraph at lines 229--229
[]|\T1/ptm/m/n/8 shared_waveform; shared_hardware;
 []


Underfull \hbox (badness 10000) in paragraph at lines 229--229
\T1/ptm/m/n/8 shared_optical_carrier; shared_
 []


Underfull \hbox (badness 10000) in paragraph at lines 229--229
\T1/ptm/m/n/8 link_or_channel; shared_resource_
 []


Underfull \hbox (badness 10000) in paragraph at lines 229--229
\T1/ptm/m/n/8 allocation; joint_design_or_
 []


Underfull \hbox (badness 10000) in paragraph at lines 229--229
\T1/ptm/m/n/8 optimization; shared_application_
 []


Underfull \hbox (badness 10000) in paragraph at lines 229--229
[]|\T1/ptm/m/n/8 shared_waveform; shared_hardware;
 []


Underfull \hbox (badness 10000) in paragraph at lines 229--229
\T1/ptm/m/n/8 shared_optical_carrier; shared_
 []


Underfull \hbox (badness 10000) in paragraph at lines 229--229
\T1/ptm/m/n/8 link_or_channel; joint_design_or_
 []


Underfull \hbox (badness 10000) in paragraph at lines 229--229
\T1/ptm/m/n/8 optimization; shared_application_
 []


Underfull \hbox (badness 10000) in paragraph at lines 229--229
[]|\T1/ptm/m/n/8 shared_waveform; shared_hardware;
 []


Underfull \hbox (badness 10000) in paragraph at lines 229--229
\T1/ptm/m/n/8 shared_optical_carrier; shared_
 []


Underfull \hbox (badness 10000) in paragraph at lines 229--229
\T1/ptm/m/n/8 link_or_channel; shared_resource_
 []


Underfull \hbox (badness 10000) in paragraph at lines 229--229
\T1/ptm/m/n/8 allocation; joint_design_or_
 []


Underfull \hbox (badness 10000) in paragraph at lines 229--229
\T1/ptm/m/n/8 optimization; shared_application_
 []


Underfull \hbox (badness 2277) in paragraph at lines 229--229
[]|\T1/ptm/m/n/8 analytical; sim-u-la-tion; lab-o-ra-
 []


Underfull \hbox (badness 10000) in paragraph at lines 229--229
[]|\T1/ptm/m/n/8 shared_waveform; shared_hardware;
 []


Underfull \hbox (badness 10000) in paragraph at lines 229--229
[]|\T1/ptm/m/n/8 analytical; lab-o-ra-tory_
 []


Underfull \hbox (badness 3557) in paragraph at lines 229--229
\T1/ptm/m/n/8 experiment; pro-to-type_testbed;
 []


Underfull \hbox (badness 10000) in paragraph at lines 229--229
[]|\T1/ptm/m/n/8 shared_waveform; shared_hardware;
 []

[13

]
Underfull \hbox (badness 10000) in paragraph at lines 248--248
[]|\T1/ptm/m/n/8 shared_waveform; shared_hardware;
 []


Underfull \hbox (badness 10000) in paragraph at lines 248--248
\T1/ptm/m/n/8 shared_resource_allocation; joint_
 []


Underfull \hbox (badness 10000) in paragraph at lines 248--248
[]|\T1/ptm/m/n/8 analytical; lab-o-ra-tory_
 []


Underfull \hbox (badness 3557) in paragraph at lines 248--248
\T1/ptm/m/n/8 experiment; pro-to-type_testbed;
 []


Underfull \hbox (badness 10000) in paragraph at lines 248--248
[]|\T1/ptm/m/n/8 shared_waveform; shared_hardware;
 []


Underfull \hbox (badness 10000) in paragraph at lines 248--248
\T1/ptm/m/n/8 shared_link_or_channel; shared_
 []


Underfull \hbox (badness 10000) in paragraph at lines 248--248
[]|\T1/ptm/m/n/8 analytical; lab-o-ra-tory_
 []


Underfull \hbox (badness 3557) in paragraph at lines 248--248
\T1/ptm/m/n/8 experiment; pro-to-type_testbed;
 []


Underfull \hbox (badness 10000) in paragraph at lines 248--248
[]|\T1/ptm/m/n/8 shared_waveform; shared_optical_
 []


Underfull \hbox (badness 10000) in paragraph at lines 248--248
\T1/ptm/m/n/8 carrier; shared_link_or_channel;
 []


Underfull \hbox (badness 10000) in paragraph at lines 248--248
[]|\T1/ptm/m/n/8 shared_waveform; shared_hardware;
 []


Underfull \hbox (badness 10000) in paragraph at lines 248--248
\T1/ptm/m/n/8 shared_resource_allocation; joint_
 []


Underfull \hbox (badness 10000) in paragraph at lines 248--248
\T1/ptm/m/n/8 design_or_optimization; shared_
 []


Underfull \hbox (badness 10000) in paragraph at lines 248--248
[]|\T1/ptm/m/n/8 analytical; sim-u-la-tion;
 []


Underfull \hbox (badness 10000) in paragraph at lines 248--248
\T1/ptm/m/n/8 lab-o-ra-tory_experiment;
 []


Underfull \hbox (badness 10000) in paragraph at lines 248--248
\T1/ptm/m/n/8 pro-to-type_testbed; field_
 []


Underfull \hbox (badness 10000) in paragraph at lines 248--248
[]|\T1/ptm/m/n/8 shared_waveform; shared_hardware;
 []


Underfull \hbox (badness 10000) in paragraph at lines 248--248
\T1/ptm/m/n/8 shared_optical_carrier; shared_
 []


Underfull \hbox (badness 10000) in paragraph at lines 248--248
\T1/ptm/m/n/8 link_or_channel; shared_resource_
 []


Underfull \hbox (badness 10000) in paragraph at lines 248--248
\T1/ptm/m/n/8 allocation; joint_design_or_
 []


Underfull \hbox (badness 10000) in paragraph at lines 248--248
[]|\T1/ptm/m/n/8 analytical; lab-o-ra-tory_
 []


Underfull \hbox (badness 10000) in paragraph at lines 248--248
[]|\T1/ptm/m/n/8 shared_hardware; shared_optical_
 []


Underfull \hbox (badness 10000) in paragraph at lines 248--248
\T1/ptm/m/n/8 carrier; shared_link_or_channel;
 []


Underfull \hbox (badness 10000) in paragraph at lines 248--248
[]|\T1/ptm/m/n/8 simulation; lab-o-ra-tory_
 []


Underfull \hbox (badness 10000) in paragraph at lines 248--248
[]|\T1/ptm/m/n/8 shared_hardware; shared_link_or_
 []


Underfull \hbox (badness 10000) in paragraph at lines 248--248
\T1/ptm/m/n/8 channel; shared_resource_allocation;
 []


Underfull \hbox (badness 10000) in paragraph at lines 248--248
[]|\T1/ptm/m/n/8 analytical; lab-o-ra-tory_
 []

[14

]
Underfull \hbox (badness 10000) in paragraph at lines 267--267
[]|\T1/ptm/m/n/8 shared_waveform; shared_hardware;
 []


Underfull \hbox (badness 10000) in paragraph at lines 267--267
\T1/ptm/m/n/8 shared_optical_carrier; shared_
 []


Underfull \hbox (badness 10000) in paragraph at lines 267--267
\T1/ptm/m/n/8 link_or_channel; joint_design_or_
 []


Underfull \hbox (badness 10000) in paragraph at lines 267--267
\T1/ptm/m/n/8 optimization; shared_application_
 []


Underfull \hbox (badness 10000) in paragraph at lines 267--267
[]|\T1/ptm/m/n/8 analytical; lab-o-ra-tory_
 []


Underfull \hbox (badness 10000) in paragraph at lines 267--267
[]|\T1/ptm/m/n/8 shared_waveform; shared_hardware;
 []


Underfull \hbox (badness 10000) in paragraph at lines 267--267
\T1/ptm/m/n/8 shared_optical_carrier; shared_
 []


Underfull \hbox (badness 10000) in paragraph at lines 267--267
\T1/ptm/m/n/8 link_or_channel; shared_resource_
 []


Underfull \hbox (badness 10000) in paragraph at lines 267--267
\T1/ptm/m/n/8 allocation; shared_application_
 []


Underfull \hbox (badness 2277) in paragraph at lines 267--267
[]|\T1/ptm/m/n/8 analytical; sim-u-la-tion; lab-o-ra-
 []


Underfull \hbox (badness 10000) in paragraph at lines 267--267
[]|\T1/ptm/m/n/8 shared_waveform; shared_
 []


Underfull \hbox (badness 10000) in paragraph at lines 267--267
[]|\T1/ptm/m/n/8 analytical; sim-u-la-tion; field_
 []


Underfull \hbox (badness 10000) in paragraph at lines 267--267
[]|\T1/ptm/m/n/8 shared_waveform; shared_link_or_
 []


Underfull \hbox (badness 10000) in paragraph at lines 267--267
[]|\T1/ptm/m/n/8 shared_waveform; shared_hardware;
 []


Underfull \hbox (badness 10000) in paragraph at lines 267--267
[]|\T1/ptm/m/n/8 analytical; sim-u-la-tion;
 []


Underfull \hbox (badness 10000) in paragraph at lines 267--267
\T1/ptm/m/n/8 lab-o-ra-tory_experiment;
 []


Underfull \hbox (badness 10000) in paragraph at lines 267--267
[]|\T1/ptm/m/n/8 dataset_based; lab-o-ra-tory_
 []


Underfull \hbox (badness 10000) in paragraph at lines 267--267
[]|\T1/ptm/m/n/8 shared_hardware; shared_resource_
 []


Underfull \hbox (badness 10000) in paragraph at lines 267--267
[]|\T1/ptm/m/n/8 laboratory_experiment;
 []

[15

]
Underfull \hbox (badness 10000) in paragraph at lines 286--286
[]|\T1/ptm/m/n/8 laboratory_experiment;
 []


Underfull \hbox (badness 10000) in paragraph at lines 286--286
[]|\T1/ptm/m/n/8 shared_waveform; shared_resource_
 []


Underfull \hbox (badness 10000) in paragraph at lines 286--286
[]|\T1/ptm/m/n/8 shared_optical_carrier; shared_
 []


Underfull \hbox (badness 10000) in paragraph at lines 286--286
\T1/ptm/m/n/8 link_or_channel; shared_resource_
 []


Underfull \hbox (badness 2277) in paragraph at lines 286--286
[]|\T1/ptm/m/n/8 analytical; sim-u-la-tion; lab-o-ra-
 []


Underfull \hbox (badness 10000) in paragraph at lines 286--286
[]|\T1/ptm/m/n/8 shared_waveform; shared_hardware;
 []


Underfull \hbox (badness 10000) in paragraph at lines 286--286
\T1/ptm/m/n/8 shared_resource_allocation; joint_
 []


Underfull \hbox (badness 10000) in paragraph at lines 286--286
[]|\T1/ptm/m/n/8 shared_waveform; shared_hardware;
 []


Underfull \hbox (badness 10000) in paragraph at lines 286--286
\T1/ptm/m/n/8 shared_resource_allocation; joint_
 []


Underfull \hbox (badness 10000) in paragraph at lines 286--286
[]|\T1/ptm/m/n/8 simulation; lab-o-ra-tory_
 []


Underfull \hbox (badness 10000) in paragraph at lines 286--286
[]|\T1/ptm/m/n/8 shared_waveform; shared_hardware;
 []


Underfull \hbox (badness 10000) in paragraph at lines 286--286
\T1/ptm/m/n/8 shared_resource_allocation; joint_
 []


Underfull \hbox (badness 10000) in paragraph at lines 286--286
[]|\T1/ptm/m/n/8 simulation; lab-o-ra-tory_
 []


Underfull \hbox (badness 10000) in paragraph at lines 286--286
[]|\T1/ptm/m/n/8 shared_hardware; shared_resource_
 []


Underfull \hbox (badness 10000) in paragraph at lines 286--286
[]|\T1/ptm/m/n/8 laboratory_experiment;
 []

[16

]
Underfull \hbox (badness 10000) in paragraph at lines 305--305
[]|\T1/ptm/m/n/8 shared_waveform; shared_resource_
 []


Underfull \hbox (badness 10000) in paragraph at lines 305--305
[]|\T1/ptm/m/n/8 analytical; lab-o-ra-tory_
 []


Underfull \hbox (badness 7030) in paragraph at lines 305--305
[]|\T1/ptm/m/n/8 analytical; sim-u-la-tion; pro-to-
 []


Underfull \hbox (badness 10000) in paragraph at lines 305--305
[]|\T1/ptm/m/n/8 shared_waveform; shared_link_or_
 []


Underfull \hbox (badness 10000) in paragraph at lines 305--305
[]|\T1/ptm/m/n/8 analytical; lab-o-ra-tory_
 []


Underfull \hbox (badness 10000) in paragraph at lines 305--305
[]|\T1/ptm/m/n/8 shared_waveform; shared_hardware;
 []


Underfull \hbox (badness 10000) in paragraph at lines 305--305
[]|\T1/ptm/m/n/8 shared_waveform; joint_design_or_
 []

[17

]
Underfull \hbox (badness 10000) in paragraph at lines 324--324
[]|\T1/ptm/m/n/8 shared_waveform; shared_hardware;
 []


Underfull \hbox (badness 10000) in paragraph at lines 324--324
[]|\T1/ptm/m/n/8 shared_waveform; shared_hardware;
 []


Underfull \hbox (badness 10000) in paragraph at lines 324--324
[]|\T1/ptm/m/n/8 shared_hardware; shared_link_or_
 []


Underfull \hbox (badness 10000) in paragraph at lines 324--324
[]|\T1/ptm/m/n/8 shared_waveform; shared_resource_
 []


Underfull \hbox (badness 10000) in paragraph at lines 324--324
[]|\T1/ptm/m/n/8 analytical; lab-o-ra-tory_
 []


Underfull \hbox (badness 10000) in paragraph at lines 324--324
[]|\T1/ptm/m/n/8 shared_waveform; shared_resource_
 []


Underfull \hbox (badness 10000) in paragraph at lines 324--324
[]|\T1/ptm/m/n/8 shared_link_or_channel; shared_
 []

[18

]
Underfull \hbox (badness 10000) in paragraph at lines 343--343
[]|\T1/ptm/m/n/8 shared_waveform; shared_hardware;
 []


Underfull \hbox (badness 2277) in paragraph at lines 343--343
[]|\T1/ptm/m/n/8 analytical; sim-u-la-tion; lab-o-ra-
 []


Underfull \hbox (badness 10000) in paragraph at lines 343--343
[]|\T1/ptm/m/n/8 shared_waveform; shared_resource_
 []


Underfull \hbox (badness 10000) in paragraph at lines 343--343
[]|\T1/ptm/m/n/8 analytical; lab-o-ra-tory_
 []


Underfull \hbox (badness 10000) in paragraph at lines 343--343
[]|\T1/ptm/m/n/8 analytical; lab-o-ra-tory_
 []


Underfull \hbox (badness 10000) in paragraph at lines 343--343
[]|\T1/ptm/m/n/8 shared_waveform; shared_hardware;
 []


Underfull \hbox (badness 10000) in paragraph at lines 343--343
[]|\T1/ptm/m/n/8 shared_waveform; shared_resource_
 []

[19

]
Underfull \hbox (badness 10000) in paragraph at lines 362--362
[]|\T1/ptm/m/n/8 shared_resource_allocation; shared_
 []


Underfull \hbox (badness 10000) in paragraph at lines 362--362
[]|\T1/ptm/m/n/8 shared_waveform; shared_resource_
 []


Underfull \hbox (badness 10000) in paragraph at lines 362--362
\T1/ptm/m/n/8 allocation; joint_design_or_
 []


Underfull \hbox (badness 10000) in paragraph at lines 362--362
[]|\T1/ptm/m/n/8 shared_waveform; shared_hardware;
 []


Underfull \hbox (badness 10000) in paragraph at lines 362--362
\T1/ptm/m/n/8 shared_optical_carrier; shared_
 []


Underfull \hbox (badness 2229) in paragraph at lines 362--362
\T1/ptm/m/n/8 resource_allocation; joint_design_or_
 []


Underfull \hbox (badness 10000) in paragraph at lines 362--362
[]|\T1/ptm/m/n/8 shared_hardware; shared_link_or_
 []


Underfull \hbox (badness 10000) in paragraph at lines 362--362
[]|\T1/ptm/m/n/8 laboratory_experiment;
 []


Underfull \hbox (badness 10000) in paragraph at lines 362--362
[]|\T1/ptm/m/n/8 shared_hardware; shared_link_or_
 []


Underfull \hbox (badness 10000) in paragraph at lines 362--362
[]|\T1/ptm/m/n/8 analytical; lab-o-ra-tory_
 []


Underfull \hbox (badness 10000) in paragraph at lines 362--362
[]|\T1/ptm/m/n/8 shared_waveform; joint_design_or_
 []


Underfull \hbox (badness 10000) in paragraph at lines 362--362
[]|\T1/ptm/m/n/8 analytical; lab-o-ra-tory_
 []

[20

]
Underfull \hbox (badness 2277) in paragraph at lines 381--381
[]|\T1/ptm/m/n/8 analytical; sim-u-la-tion; lab-o-ra-
 []


Underfull \hbox (badness 10000) in paragraph at lines 381--381
[]|\T1/ptm/m/n/8 dataset_based; lab-o-ra-tory_
 []


Underfull \hbox (badness 10000) in paragraph at lines 381--381
[]|\T1/ptm/m/n/8 shared_optical_carrier; shared_
 []


Underfull \hbox (badness 10000) in paragraph at lines 381--381
[]|\T1/ptm/m/n/8 analytical; lab-o-ra-tory_
 []


Underfull \hbox (badness 10000) in paragraph at lines 381--381
[]|\T1/ptm/m/n/8 shared_hardware; shared_resource_
 []


Underfull \hbox (badness 10000) in paragraph at lines 381--381
\T1/ptm/m/n/8 allocation; joint_design_or_
 []


Underfull \hbox (badness 10000) in paragraph at lines 381--381
[]|\T1/ptm/m/n/8 analytical; lab-o-ra-tory_
 []


Underfull \hbox (badness 10000) in paragraph at lines 381--381
[]|\T1/ptm/m/n/8 shared_waveform; shared_hardware;
 []


Underfull \hbox (badness 10000) in paragraph at lines 381--381
[]|\T1/ptm/m/n/8 analytical; sim-u-la-tion;
 []


Underfull \hbox (badness 10000) in paragraph at lines 381--381
\T1/ptm/m/n/8 lab-o-ra-tory_experiment;
 []


Underfull \hbox (badness 10000) in paragraph at lines 381--381
[]|\T1/ptm/m/n/8 shared_waveform; shared_hardware;
 []


Underfull \hbox (badness 10000) in paragraph at lines 381--381
[]|\T1/ptm/m/n/8 analytical; sim-u-la-tion;
 []


Underfull \hbox (badness 10000) in paragraph at lines 381--381
\T1/ptm/m/n/8 lab-o-ra-tory_experiment;
 []


Underfull \hbox (badness 10000) in paragraph at lines 381--381
[]|\T1/ptm/m/n/8 shared_resource_allocation; joint_
 []


Underfull \hbox (badness 2277) in paragraph at lines 381--381
[]|\T1/ptm/m/n/8 analytical; sim-u-la-tion; lab-o-ra-
 []

[21

]
Underfull \hbox (badness 10000) in paragraph at lines 400--400
[]|\T1/ptm/m/n/8 analytical; lab-o-ra-tory_
 []


Underfull \hbox (badness 10000) in paragraph at lines 400--400
[]|\T1/ptm/m/n/8 shared_waveform; joint_design_or_
 []


Underfull \hbox (badness 10000) in paragraph at lines 400--400
[]|\T1/ptm/m/n/8 shared_hardware; shared_resource_
 []


Underfull \hbox (badness 10000) in paragraph at lines 400--400
[]|\T1/ptm/m/n/8 analytical; lab-o-ra-tory_
 []


Underfull \hbox (badness 10000) in paragraph at lines 400--400
[]|\T1/ptm/m/n/8 shared_waveform; shared_link_or_
 []


Underfull \hbox (badness 10000) in paragraph at lines 400--400
[]|\T1/ptm/m/n/8 analytical; sim-u-la-tion;
 []


Underfull \hbox (badness 10000) in paragraph at lines 400--400
\T1/ptm/m/n/8 lab-o-ra-tory_experiment;
 []


Underfull \hbox (badness 10000) in paragraph at lines 400--400
[]|\T1/ptm/m/n/8 shared_link_or_channel; shared_
 []


Underfull \hbox (badness 10000) in paragraph at lines 400--400
[]|\T1/ptm/m/n/8 analytical; sim-u-la-tion;
 []


Underfull \hbox (badness 10000) in paragraph at lines 400--400
\T1/ptm/m/n/8 lab-o-ra-tory_experiment;
 []


Underfull \hbox (badness 10000) in paragraph at lines 400--400
[]|\T1/ptm/m/n/8 analytical; sim-u-la-tion;
 []


Underfull \hbox (badness 10000) in paragraph at lines 400--400
\T1/ptm/m/n/8 lab-o-ra-tory_experiment;
 []


Underfull \hbox (badness 10000) in paragraph at lines 400--400
[]|\T1/ptm/m/n/8 analytical; lab-o-ra-tory_
 []

[22

]
Underfull \hbox (badness 10000) in paragraph at lines 419--419
[]|\T1/ptm/m/n/8 shared_link_or_channel; shared_
 []


Underfull \hbox (badness 10000) in paragraph at lines 419--419
[]|\T1/ptm/m/n/8 analytical; lab-o-ra-tory_
 []


Underfull \hbox (badness 10000) in paragraph at lines 419--419
[]|\T1/ptm/m/n/8 analytical; lab-o-ra-tory_
 []


Underfull \hbox (badness 10000) in paragraph at lines 419--419
[]|\T1/ptm/m/n/8 analytical; lab-o-ra-tory_
 []


Underfull \hbox (badness 10000) in paragraph at lines 419--419
[]|\T1/ptm/m/n/8 analytical; lab-o-ra-tory_
 []


Underfull \hbox (badness 10000) in paragraph at lines 419--419
[]|\T1/ptm/m/n/8 shared_hardware; joint_design_or_
 []


Underfull \hbox (badness 10000) in paragraph at lines 419--419
\T1/ptm/m/n/8 optimization; shared_application_
 []


Underfull \hbox (badness 4518) in paragraph at lines 419--419
[]|\T1/ptm/m/n/8 analytical; nu-mer-i-cal_analysis;
 []


Underfull \hbox (badness 10000) in paragraph at lines 419--419
[]|\T1/ptm/m/n/8 shared_waveform; shared_link_or_
 []


Underfull \hbox (badness 10000) in paragraph at lines 419--419
[]|\T1/ptm/m/n/8 analytical; lab-o-ra-tory_
 []


Underfull \hbox (badness 10000) in paragraph at lines 419--419
[]|\T1/ptm/m/n/8 shared_link_or_channel; shared_
 []

[23

]
Underfull \hbox (badness 10000) in paragraph at lines 438--438
[]|\T1/ptm/m/n/8 shared_link_or_channel; shared_
 []


Underfull \hbox (badness 10000) in paragraph at lines 438--438
[]|\T1/ptm/m/n/8 laboratory_experiment;
 []


Underfull \hbox (badness 10000) in paragraph at lines 438--438
[]|\T1/ptm/m/n/8 shared_waveform; shared_resource_
 []


Underfull \hbox (badness 10000) in paragraph at lines 438--438
[]|\T1/ptm/m/n/8 analytical; sim-u-la-tion;
 []


Underfull \hbox (badness 10000) in paragraph at lines 438--438
\T1/ptm/m/n/8 lab-o-ra-tory_experiment;
 []


Underfull \hbox (badness 10000) in paragraph at lines 438--438
[]|\T1/ptm/m/n/8 analytical; lab-o-ra-tory_
 []


Underfull \hbox (badness 10000) in paragraph at lines 438--438
[]|\T1/ptm/m/n/8 analytical; lab-o-ra-tory_
 []


Underfull \hbox (badness 10000) in paragraph at lines 438--438
[]|\T1/ptm/m/n/8 shared_waveform; shared_hardware;
 []


Underfull \hbox (badness 2277) in paragraph at lines 438--438
[]|\T1/ptm/m/n/8 analytical; sim-u-la-tion; lab-o-ra-
 []

[24

]
Underfull \hbox (badness 2277) in paragraph at lines 457--457
[]|\T1/ptm/m/n/8 analytical; sim-u-la-tion; lab-o-ra-
 []


Underfull \hbox (badness 10000) in paragraph at lines 457--457
[]|\T1/ptm/m/n/8 shared_waveform; shared_resource_
 []


Underfull \hbox (badness 10000) in paragraph at lines 457--457
[]|\T1/ptm/m/n/8 shared_waveform; shared_hardware;
 []


Underfull \hbox (badness 10000) in paragraph at lines 457--457
[]|\T1/ptm/m/n/8 shared_waveform; shared_resource_
 []


Underfull \hbox (badness 10000) in paragraph at lines 457--457
[]|\T1/ptm/m/n/8 analytical; sim-u-la-tion;
 []


Underfull \hbox (badness 10000) in paragraph at lines 457--457
\T1/ptm/m/n/8 lab-o-ra-tory_experiment;
 []


Underfull \hbox (badness 4518) in paragraph at lines 457--457
[]|\T1/ptm/m/n/8 analytical; nu-mer-i-cal_analysis;
 []


Underfull \hbox (badness 10000) in paragraph at lines 457--457
[]|\T1/ptm/m/n/8 shared_waveform; shared_hardware;
 []


Underfull \hbox (badness 10000) in paragraph at lines 457--457
[]|\T1/ptm/m/n/8 laboratory_experiment;
 []


Underfull \hbox (badness 10000) in paragraph at lines 457--457
[]|\T1/ptm/m/n/8 shared_hardware; shared_resource_
 []

[25

]
Underfull \hbox (badness 10000) in paragraph at lines 476--476
[]|\T1/ptm/m/n/8 shared_hardware; shared_link_or_
 []


Underfull \hbox (badness 10000) in paragraph at lines 476--476
[]|\T1/ptm/m/n/8 analytical; sim-u-la-tion;
 []


Underfull \hbox (badness 10000) in paragraph at lines 476--476
\T1/ptm/m/n/8 lab-o-ra-tory_experiment;
 []


Underfull \hbox (badness 10000) in paragraph at lines 476--476
[]|\T1/ptm/m/n/8 shared_waveform; shared_hardware;
 []


Underfull \hbox (badness 10000) in paragraph at lines 476--476
[]|\T1/ptm/m/n/8 analytical; lab-o-ra-tory_
 []


Underfull \hbox (badness 10000) in paragraph at lines 476--476
[]|\T1/ptm/m/n/8 analytical; lab-o-ra-tory_
 []


Underfull \hbox (badness 2277) in paragraph at lines 476--476
[]|\T1/ptm/m/n/8 analytical; sim-u-la-tion; lab-o-ra-
 []


Underfull \hbox (badness 10000) in paragraph at lines 476--476
[]|\T1/ptm/m/n/8 shared_resource_allocation; shared_
 []

[26

]
Underfull \hbox (badness 10000) in paragraph at lines 495--495
[]|\T1/ptm/m/n/8 shared_waveform; shared_resource_
 []


Underfull \hbox (badness 10000) in paragraph at lines 495--495
\T1/ptm/m/n/8 allocation; shared_application_
 []


Underfull \hbox (badness 4518) in paragraph at lines 495--495
[]|\T1/ptm/m/n/8 analytical; nu-mer-i-cal_analysis;
 []


Underfull \hbox (badness 10000) in paragraph at lines 495--495
[]|\T1/ptm/m/n/8 shared_resource_allocation; joint_
 []


Underfull \hbox (badness 10000) in paragraph at lines 495--495
\T1/ptm/m/n/8 design_or_optimization; shared_
 []


Underfull \hbox (badness 10000) in paragraph at lines 495--495
[]|\T1/ptm/m/n/8 shared_hardware; shared_resource_
 []


Underfull \hbox (badness 2277) in paragraph at lines 495--495
[]|\T1/ptm/m/n/8 analytical; sim-u-la-tion; lab-o-ra-
 []


Underfull \hbox (badness 10000) in paragraph at lines 495--495
[]|\T1/ptm/m/n/8 shared_optical_carrier; shared_link_
 []


Underfull \hbox (badness 10000) in paragraph at lines 495--495
[]|\T1/ptm/m/n/8 analytical; lab-o-ra-tory_
 []


Underfull \hbox (badness 10000) in paragraph at lines 495--495
[]|\T1/ptm/m/n/8 shared_optical_carrier; shared_link_
 []


Underfull \hbox (badness 10000) in paragraph at lines 495--495
[]|\T1/ptm/m/n/8 analytical; lab-o-ra-tory_
 []

[27

]
Underfull \hbox (badness 10000) in paragraph at lines 514--514
[]|\T1/ptm/m/n/8 shared_waveform; joint_design_or_
 []


Underfull \hbox (badness 10000) in paragraph at lines 514--514
[]|\T1/ptm/m/n/8 dataset_based; lab-o-ra-tory_
 []


Underfull \hbox (badness 10000) in paragraph at lines 514--514
[]|\T1/ptm/m/n/8 shared_link_or_channel; shared_
 []


Underfull \hbox (badness 10000) in paragraph at lines 514--514
[]|\T1/ptm/m/n/8 simulation; lab-o-ra-tory_
 []


Underfull \hbox (badness 10000) in paragraph at lines 514--514
[]|\T1/ptm/m/n/8 shared_waveform; shared_resource_
 []


Underfull \hbox (badness 10000) in paragraph at lines 514--514
\T1/ptm/m/n/8 allocation; joint_design_or_
 []


Underfull \hbox (badness 10000) in paragraph at lines 514--514
[]|\T1/ptm/m/n/8 shared_link_or_channel; shared_
 []


Underfull \hbox (badness 10000) in paragraph at lines 514--514
[]|\T1/ptm/m/n/8 analytical; lab-o-ra-tory_
 []


Underfull \hbox (badness 2277) in paragraph at lines 514--514
[]|\T1/ptm/m/n/8 analytical; sim-u-la-tion; lab-o-ra-
 []

[28

]
Underfull \hbox (badness 10000) in paragraph at lines 533--533
[]|\T1/ptm/m/n/8 shared_optical_carrier; shared_link_
 []


Underfull \hbox (badness 10000) in paragraph at lines 533--533
[]|\T1/ptm/m/n/8 analytical; lab-o-ra-tory_
 []


Underfull \hbox (badness 10000) in paragraph at lines 533--533
[]|\T1/ptm/m/n/8 simulation; lab-o-ra-tory_
 []


Underfull \hbox (badness 10000) in paragraph at lines 533--533
[]|\T1/ptm/m/n/8 shared_waveform; shared_hardware;
 []


Underfull \hbox (badness 10000) in paragraph at lines 533--533
[]|\T1/ptm/m/n/8 shared_link_or_channel; shared_
 []


Underfull \hbox (badness 10000) in paragraph at lines 533--533
[]|\T1/ptm/m/n/8 shared_waveform; shared_hardware;
 []


Underfull \hbox (badness 10000) in paragraph at lines 533--533
[]|\T1/ptm/m/n/8 shared_hardware; shared_resource_
 []

[29

]
Underfull \hbox (badness 10000) in paragraph at lines 552--552
[]|\T1/ptm/m/n/8 shared_hardware; shared_resource_
 []


Underfull \hbox (badness 10000) in paragraph at lines 552--552
[]|\T1/ptm/m/n/8 shared_waveform; joint_design_or_
 []


Underfull \hbox (badness 10000) in paragraph at lines 552--552
[]|\T1/ptm/m/n/8 shared_link_or_channel; shared_
 []


Underfull \hbox (badness 10000) in paragraph at lines 552--552
\T1/ptm/m/n/8 resource_allocation; shared_
 []


Underfull \hbox (badness 10000) in paragraph at lines 552--552
[]|\T1/ptm/m/n/8 analytical; lab-o-ra-tory_
 []


Underfull \hbox (badness 10000) in paragraph at lines 552--552
[]|\T1/ptm/m/n/8 analytical; lab-o-ra-tory_
 []


Underfull \hbox (badness 10000) in paragraph at lines 552--552
[]|\T1/ptm/m/n/8 shared_waveform; shared_hardware;
 []


Underfull \hbox (badness 2277) in paragraph at lines 552--552
[]|\T1/ptm/m/n/8 analytical; sim-u-la-tion; lab-o-ra-
 []


Underfull \hbox (badness 2717) in paragraph at lines 552--552
[]|\T1/ptm/m/n/8 S T C - S U B C A R R I
 []


Underfull \hbox (badness 10000) in paragraph at lines 552--552
[]| \T1/ptm/m/n/8 [218],
 []


Underfull \hbox (badness 10000) in paragraph at lines 552--552
[]|\T1/ptm/m/n/8 shared_optical_carrier; shared_
 []


Underfull \hbox (badness 10000) in paragraph at lines 552--552
[]|\T1/ptm/m/n/8 analytical; lab-o-ra-tory_
 []


Underfull \hbox (badness 10000) in paragraph at lines 552--552
[]|\T1/ptm/m/n/8 shared_link_or_channel; shared_
 []

[30

]
Underfull \hbox (badness 1571) in paragraph at lines 567--567
\T1/ptm/m/n/8 A S E R - T H Z - F M C
 []


Underfull \hbox (badness 10000) in paragraph at lines 567--567
[]| \T1/ptm/m/n/8 [221],
 []


Underfull \hbox (badness 10000) in paragraph at lines 567--567
[]|\T1/ptm/m/n/8 shared_waveform; shared_resource_
 []


Underfull \hbox (badness 10000) in paragraph at lines 567--567
\T1/ptm/m/n/8 allocation; joint_design_or_
 []


Underfull \hbox (badness 10000) in paragraph at lines 567--567
[]| \T1/ptm/m/n/8 [223],
 []


Underfull \hbox (badness 10000) in paragraph at lines 567--567
[]|\T1/ptm/m/n/8 shared_hardware; shared_resource_
 []


Underfull \hbox (badness 10000) in paragraph at lines 567--567
[]| \T1/ptm/m/n/8 [225],
 []


Underfull \hbox (badness 10000) in paragraph at lines 567--567
\T1/ptm/m/n/8 [226],
 []


Underfull \hbox (badness 10000) in paragraph at lines 567--567
[]|\T1/ptm/m/n/8 shared_link_or_channel; shared_
 []


Underfull \hbox (badness 10000) in paragraph at lines 567--567
[]|\T1/ptm/m/n/8 analytical; sim-u-la-tion;
 []


Underfull \hbox (badness 10000) in paragraph at lines 567--567
\T1/ptm/m/n/8 lab-o-ra-tory_experiment;
 []

)
Underfull \hbox (badness 10000) in paragraph at lines 567--44

 []

[31

] (./ST01_COMPANION_REPORT_PROVENANCE_21.tex [32

] [33

])
Underfull \hbox (badness 10000) in paragraph at lines 57--47

 []

[34

] (./ST01_SUPPLEMENT_DRIVER.bbl [35

] [36] [37] [38] [39] [40] [41]) [42]
(./ST01_SUPPLEMENT_DRIVER.aux)
 ***********
LaTeX2e <2025-11-01>
L3 programming layer <2026-01-19>
 ***********
 ) 
Here is how much of TeX's memory you used:
 3312 strings out of 467525
 56364 string characters out of 5423209
 491907 words of memory out of 5000000
 32186 multiletter control sequences out of 15000+600000
 731324 words of font info for 137 fonts, out of 8000000 for 9000
 1141 hyphenation exceptions out of 8191
 87i,9n,93p,899b,340s stack positions out of 10000i,1000n,20000p,200000b,200000s
<c:/texlive/2026/texmf-dist/fonts/type1/public/amsfonts/cm/cmmi8.pfb><c:/texl
ive/2026/texmf-dist/fonts/type1/urw/courier/ucrr8a.pfb><c:/texlive/2026/texmf-d
ist/fonts/type1/urw/times/utmb8a.pfb><c:/texlive/2026/texmf-dist/fonts/type1/ur
w/times/utmr8a.pfb><c:/texlive/2026/texmf-dist/fonts/type1/urw/times/utmri8a.pf
b>
Output written on ST01_SUPPLEMENT_DRIVER.pdf (42 pages, 169741 bytes).
PDF statistics:
 167 PDF objects out of 1000 (max. 8388607)
 111 compressed objects within 2 object streams
 0 named destinations out of 1000 (max. 500000)
 1 words of extra memory for PDF output out of 10000 (max. 10000000)

